Tue Sep 15 05:09:09 UTC 2026 - TBH update
Wed Sep 16 05:04:43 UTC 2026 - TBH update
Thu Sep 17 05:07:43 UTC 2026 - TBH update
Fri Sep 18 05:00:09 UTC 2026 - TBH update
Sat Sep 19 04:52:43 UTC 2026 - TBH update
Sun Sep 20 05:12:25 UTC 2026 - TBH update
Mon Sep 21 05:17:04 UTC 2026 - TBH update
Tue Sep 22 05:16:26 UTC 2026 - TBH update
Wed Sep 23 04:59:42 UTC 2026 - TBH update
Thu Sep 24 05:10:57 UTC 2026 - TBH update
Fri Sep 25 05:13:13 UTC 2026 - TBH update
Sat Sep 26 05:17:45 UTC 2026 - TBH update
Sun Sep 27 05:35:11 UTC 2026 - TBH update
Mon Sep 28 05:42:50 UTC 2026 - TBH update
Tue Sep 29 05:59:41 UTC 2026 - TBH update
Wed Sep 30 05:49:15 UTC 2026 - TBH update
Thu Oct  1 06:21:43 UTC 2026 - TBH update
Fri Oct  2 05:59:32 UTC 2026 - TBH update
Sat Oct  3 05:35:27 UTC 2026 - TBH update
Sun Oct  4 06:10:58 UTC 2026 - TBH update
Mon Oct  5 06:02:45 UTC 2026 - TBH update
Tue Oct  6 06:42:12 UTC 2026 - TBH update
Wed Oct  7 06:18:15 UTC 2026 - TBH update
Thu Oct  8 06:28:25 UTC 2026 - TBH update
